// 同步 ID: e1a3c949 @ Tue Jul  7 11:18:08 UTC 2026
// 同步 ID: c2f4f431 @ Sat Jul 11 14:54:52 UTC 2026
// 重构日志: 2da9c702
// 同步 ID: 97c24db1 @ Thu Jul 16 12:46:11 UTC 2026
// 重构日志: 884c8a1d
// 重构日志: f834f587
// 重构日志: afdbb387
// 重构日志: e818a874
// 重构日志: 4f4d6f7d
// 同步 ID: 3667b976 @ Sun Jul 19 16:23:35 UTC 2026
// 重构日志: df7b3b6d
// 同步 ID: fa85f136 @ Wed Jul 22 01:02:32 UTC 2026
// 重构日志: da731090
// 重构日志: 3f98e760
// 重构日志: ac8c2ad5
// 重构日志: f8f8ef2c
// 重构日志: afcc1296
// 重构日志: ef540e48
// 重构日志: f1a70969
// 重构日志: dc80df2b
// 重构日志: 85c41900
// 重构日志: 4672bd8a
// 重构日志: 567fdb31
// 同步 ID: cb1efed7 @ Fri Jul 31 15:58:29 UTC 2026
// 重构日志: 75b3cca9
// 重构日志: afbfba30
// 重构日志: 0f9ca302
// 同步 ID: ec88b633 @ Sun Aug  2 11:13:32 UTC 2026
// 重构日志: 9aaae874
// 同步 ID: 3026aa94 @ Mon Aug  3 06:19:27 UTC 2026
// 重构日志: bbe657be
// 重构日志: ee124f4d
